0 logit {'auc': 0.7224, 'bacc': 0.6845, 'f1': 0.5074, 't_fit': 0.0566}
0 linear {'auc': 0.7017, 'bacc': 0.683, 'f1': 0.5053, 't_fit': 4.9351}
0 pwl_ls_uni {'auc': 0.7764, 'bacc': 0.7024, 'f1': 0.5349, 't_fit': 0.0798}
0 pwl_ls_q {'auc': 0.7794, 'bacc': 0.7045, 'f1': 0.5377, 't_fit': 0.1078}
0 pwl_c_q {'auc': 0.7422, 'bacc': 0.673, 'f1': 0.4898, 't_fit': 15.6422}
0 pwl_ls_hh {'auc': 0.745, 'bacc': 0.6985, 'f1': 0.529, 't_fit': 0.2249}
0 rbf {'auc': 0.7157, 'bacc': 0.6949, 'f1': 0.5238, 't_fit': 3.9205}
0 mlp {'auc': 0.7708, 'bacc': 0.6969, 'f1': 0.5271, 't_fit': 30.0448}
0 hgb {'auc': 0.7768, 'bacc': 0.7032, 'f1': 0.5362, 't_fit': 0.3576}
1 logit {'auc': 0.7375, 'bacc': 0.6966, 'f1': 0.5277, 't_fit': 0.0701}
1 linear {'auc': 0.7168, 'bacc': 0.6978, 'f1': 0.5304, 't_fit': 7.437}
1 pwl_ls_uni {'auc': 0.7783, 'bacc': 0.7098, 'f1': 0.5489, 't_fit': 0.0592}
1 pwl_ls_q {'auc': 0.7833, 'bacc': 0.7123, 'f1': 0.553, 't_fit': 0.0668}
1 pwl_c_q {'auc': 0.7546, 'bacc': 0.6909, 'f1': 0.5196, 't_fit': 17.6299}
1 pwl_ls_hh {'auc': 0.752, 'bacc': 0.7034, 'f1': 0.5383, 't_fit': 36.0512}
1 rbf {'auc': 0.7274, 'bacc': 0.6992, 'f1': 0.5319, 't_fit': 8.2003}
1 mlp {'auc': 0.7736, 'bacc': 0.7048, 'f1': 0.5406, 't_fit': 956.9384}
1 hgb {'auc': 0.7879, 'bacc': 0.7108, 'f1': 0.5508, 't_fit': 4.5466}
2 logit {'auc': 0.7139, 'bacc': 0.6822, 'f1': 0.5049, 't_fit': 0.3443}
2 linear {'auc': 0.6974, 'bacc': 0.6766, 'f1': 0.4961, 't_fit': 25.5968}
2 pwl_ls_uni {'auc': 0.7656, 'bacc': 0.6953, 'f1': 0.5246, 't_fit': 1.6394}
2 pwl_ls_q {'auc': 0.7703, 'bacc': 0.6927, 'f1': 0.5213, 't_fit': 0.2251}
2 pwl_c_q {'auc': 0.7346, 'bacc': 0.6708, 'f1': 0.4871, 't_fit': 17.9116}
2 pwl_ls_hh {'auc': 0.7345, 'bacc': 0.688, 'f1': 0.5139, 't_fit': 18.626}
2 rbf {'auc': 0.703, 'bacc': 0.6826, 'f1': 0.5047, 't_fit': 8.8158}
2 mlp {'auc': 0.7621, 'bacc': 0.6955, 'f1': 0.5256, 't_fit': 1468.0584}
2 hgb {'auc': 0.7729, 'bacc': 0.6937, 'f1': 0.5237, 't_fit': 4.1194}
3 logit {'auc': 0.7241, 'bacc': 0.6875, 'f1': 0.5138, 't_fit': 0.3959}
3 linear {'auc': 0.7106, 'bacc': 0.6875, 'f1': 0.5129, 't_fit': 18.9305}
3 pwl_ls_uni {'auc': 0.7726, 'bacc': 0.7037, 'f1': 0.5368, 't_fit': 4.987}
3 pwl_ls_q {'auc': 0.7757, 'bacc': 0.7061, 'f1': 0.5404, 't_fit': 3.8011}
3 pwl_c_q {'auc': 0.7467, 'bacc': 0.6828, 'f1': 0.5053, 't_fit': 28.645}
3 pwl_ls_hh {'auc': 0.7446, 'bacc': 0.6921, 'f1': 0.5203, 't_fit': 0.2187}
3 rbf {'auc': 0.7095, 'bacc': 0.6927, 'f1': 0.52, 't_fit': 4.9638}
3 mlp {'auc': 0.7684, 'bacc': 0.7038, 'f1': 0.5378, 't_fit': 26.6856}
3 hgb {'auc': 0.7777, 'bacc': 0.708, 'f1': 0.5448, 't_fit': 0.494}
4 logit {'auc': 0.7221, 'bacc': 0.6851, 'f1': 0.5082, 't_fit': 0.0966}
4 linear {'auc': 0.7025, 'bacc': 0.6795, 'f1': 0.5002, 't_fit': 7.0138}
4 pwl_ls_uni {'auc': 0.7666, 'bacc': 0.703, 'f1': 0.5356, 't_fit': 0.2595}
4 pwl_ls_q {'auc': 0.7694, 'bacc': 0.7027, 'f1': 0.5354, 't_fit': 0.0558}
4 pwl_c_q {'auc': 0.7412, 'bacc': 0.6743, 'f1': 0.4919, 't_fit': 9.5223}
4 pwl_ls_hh {'auc': 0.7398, 'bacc': 0.6914, 'f1': 0.518, 't_fit': 0.0966}
4 rbf {'auc': 0.7221, 'bacc': 0.6925, 'f1': 0.5191, 't_fit': 3.8345}
4 mlp {'auc': 0.7653, 'bacc': 0.7008, 'f1': 0.5323, 't_fit': 23.3794}
4 hgb {'auc': 0.7778, 'bacc': 0.6999, 'f1': 0.5311, 't_fit': 0.5272}
interpretation saved; C = 32.0
