Pima (768, 8)
  0 {'linear': 0.768, 'rbf': 0.763, 'lssvm': 0.768, 'knn': 0.719, 'iksvm': 0.763, 'pwl_c': 0.755, 'pwl_ls': 0.768, 'pwl_hh': 0.776}
  1 {'linear': 0.724, 'rbf': 0.727, 'lssvm': 0.763, 'knn': 0.737, 'iksvm': 0.742, 'pwl_c': 0.727, 'pwl_ls': 0.742, 'pwl_hh': 0.763}
  2 {'linear': 0.734, 'rbf': 0.732, 'lssvm': 0.721, 'knn': 0.661, 'iksvm': 0.727, 'pwl_c': 0.737, 'pwl_ls': 0.745, 'pwl_hh': 0.753}
  3 {'linear': 0.773, 'rbf': 0.753, 'lssvm': 0.758, 'knn': 0.706, 'iksvm': 0.763, 'pwl_c': 0.768, 'pwl_ls': 0.773, 'pwl_hh': 0.758}
  4 {'linear': 0.763, 'rbf': 0.755, 'lssvm': 0.768, 'knn': 0.714, 'iksvm': 0.753, 'pwl_c': 0.763, 'pwl_ls': 0.763, 'pwl_hh': 0.763}
  5 {'linear': 0.768, 'rbf': 0.75, 'lssvm': 0.776, 'knn': 0.719, 'iksvm': 0.76, 'pwl_c': 0.779, 'pwl_ls': 0.771, 'pwl_hh': 0.758}
  6 {'linear': 0.776, 'rbf': 0.789, 'lssvm': 0.784, 'knn': 0.724, 'iksvm': 0.776, 'pwl_c': 0.781, 'pwl_ls': 0.786, 'pwl_hh': 0.771}
  7 {'linear': 0.799, 'rbf': 0.792, 'lssvm': 0.789, 'knn': 0.69, 'iksvm': 0.784, 'pwl_c': 0.773, 'pwl_ls': 0.784, 'pwl_hh': 0.792}
  8 {'linear': 0.76, 'rbf': 0.76, 'lssvm': 0.75, 'knn': 0.703, 'iksvm': 0.763, 'pwl_c': 0.758, 'pwl_ls': 0.755, 'pwl_hh': 0.745}
  9 {'linear': 0.76, 'rbf': 0.786, 'lssvm': 0.779, 'knn': 0.708, 'iksvm': 0.771, 'pwl_c': 0.768, 'pwl_ls': 0.758, 'pwl_hh': 0.766}
Breast (699, 9)
  0 {'linear': 0.963, 'rbf': 0.963, 'lssvm': 0.963, 'knn': 0.969, 'iksvm': 0.966, 'pwl_c': 0.963, 'pwl_ls': 0.963, 'pwl_hh': 0.966}
  1 {'linear': 0.971, 'rbf': 0.971, 'lssvm': 0.971, 'knn': 0.963, 'iksvm': 0.974, 'pwl_c': 0.971, 'pwl_ls': 0.966, 'pwl_hh': 0.957}
  2 {'linear': 0.971, 'rbf': 0.971, 'lssvm': 0.974, 'knn': 0.949, 'iksvm': 0.963, 'pwl_c': 0.969, 'pwl_ls': 0.969, 'pwl_hh': 0.966}
  3 {'linear': 0.966, 'rbf': 0.966, 'lssvm': 0.963, 'knn': 0.954, 'iksvm': 0.966, 'pwl_c': 0.963, 'pwl_ls': 0.969, 'pwl_hh': 0.963}
  4 {'linear': 0.971, 'rbf': 0.977, 'lssvm': 0.971, 'knn': 0.954, 'iksvm': 0.971, 'pwl_c': 0.971, 'pwl_ls': 0.96, 'pwl_hh': 0.974}
  5 {'linear': 0.966, 'rbf': 0.951, 'lssvm': 0.946, 'knn': 0.931, 'iksvm': 0.969, 'pwl_c': 0.96, 'pwl_ls': 0.96, 'pwl_hh': 0.951}
  6 {'linear': 0.96, 'rbf': 0.949, 'lssvm': 0.957, 'knn': 0.949, 'iksvm': 0.96, 'pwl_c': 0.954, 'pwl_ls': 0.949, 'pwl_hh': 0.951}
  7 {'linear': 0.969, 'rbf': 0.974, 'lssvm': 0.971, 'knn': 0.946, 'iksvm': 0.951, 'pwl_c': 0.974, 'pwl_ls': 0.957, 'pwl_hh': 0.957}
  8 {'linear': 0.94, 'rbf': 0.96, 'lssvm': 0.963, 'knn': 0.954, 'iksvm': 0.957, 'pwl_c': 0.951, 'pwl_ls': 0.951, 'pwl_hh': 0.957}
  9 {'linear': 0.966, 'rbf': 0.963, 'lssvm': 0.957, 'knn': 0.96, 'iksvm': 0.963, 'pwl_c': 0.954, 'pwl_ls': 0.954, 'pwl_hh': 0.926}
Haberman (306, 3)
  0 {'linear': 0.732, 'rbf': 0.752, 'lssvm': 0.758, 'knn': 0.654, 'iksvm': 0.732, 'pwl_c': 0.732, 'pwl_ls': 0.732, 'pwl_hh': 0.752}
  1 {'linear': 0.732, 'rbf': 0.771, 'lssvm': 0.745, 'knn': 0.641, 'iksvm': 0.732, 'pwl_c': 0.732, 'pwl_ls': 0.732, 'pwl_hh': 0.758}
  2 {'linear': 0.732, 'rbf': 0.725, 'lssvm': 0.725, 'knn': 0.66, 'iksvm': 0.706, 'pwl_c': 0.712, 'pwl_ls': 0.706, 'pwl_hh': 0.719}
  3 {'linear': 0.732, 'rbf': 0.725, 'lssvm': 0.725, 'knn': 0.673, 'iksvm': 0.719, 'pwl_c': 0.732, 'pwl_ls': 0.732, 'pwl_hh': 0.732}
  4 {'linear': 0.732, 'rbf': 0.739, 'lssvm': 0.725, 'knn': 0.68, 'iksvm': 0.732, 'pwl_c': 0.745, 'pwl_ls': 0.752, 'pwl_hh': 0.745}
  5 {'linear': 0.719, 'rbf': 0.725, 'lssvm': 0.725, 'knn': 0.667, 'iksvm': 0.719, 'pwl_c': 0.725, 'pwl_ls': 0.725, 'pwl_hh': 0.725}
  6 {'linear': 0.732, 'rbf': 0.712, 'lssvm': 0.732, 'knn': 0.66, 'iksvm': 0.732, 'pwl_c': 0.758, 'pwl_ls': 0.758, 'pwl_hh': 0.686}
  7 {'linear': 0.725, 'rbf': 0.732, 'lssvm': 0.745, 'knn': 0.627, 'iksvm': 0.699, 'pwl_c': 0.693, 'pwl_ls': 0.725, 'pwl_hh': 0.719}
  8 {'linear': 0.712, 'rbf': 0.706, 'lssvm': 0.699, 'knn': 0.647, 'iksvm': 0.699, 'pwl_c': 0.712, 'pwl_ls': 0.712, 'pwl_hh': 0.719}
  9 {'linear': 0.732, 'rbf': 0.739, 'lssvm': 0.758, 'knn': 0.66, 'iksvm': 0.725, 'pwl_c': 0.693, 'pwl_ls': 0.686, 'pwl_hh': 0.758}
Transfusion (748, 4)
  0 {'linear': 0.762, 'rbf': 0.786, 'lssvm': 0.765, 'knn': 0.652, 'iksvm': 0.759, 'pwl_c': 0.759, 'pwl_ls': 0.773, 'pwl_hh': 0.762}
  1 {'linear': 0.762, 'rbf': 0.757, 'lssvm': 0.775, 'knn': 0.69, 'iksvm': 0.767, 'pwl_c': 0.765, 'pwl_ls': 0.781, 'pwl_hh': 0.77}
  2 {'linear': 0.757, 'rbf': 0.759, 'lssvm': 0.778, 'knn': 0.676, 'iksvm': 0.765, 'pwl_c': 0.751, 'pwl_ls': 0.773, 'pwl_hh': 0.762}
  3 {'linear': 0.762, 'rbf': 0.765, 'lssvm': 0.751, 'knn': 0.693, 'iksvm': 0.762, 'pwl_c': 0.762, 'pwl_ls': 0.773, 'pwl_hh': 0.794}
  4 {'linear': 0.762, 'rbf': 0.789, 'lssvm': 0.791, 'knn': 0.666, 'iksvm': 0.765, 'pwl_c': 0.767, 'pwl_ls': 0.773, 'pwl_hh': 0.767}
  5 {'linear': 0.762, 'rbf': 0.791, 'lssvm': 0.781, 'knn': 0.706, 'iksvm': 0.789, 'pwl_c': 0.77, 'pwl_ls': 0.786, 'pwl_hh': 0.789}
  6 {'linear': 0.762, 'rbf': 0.786, 'lssvm': 0.789, 'knn': 0.709, 'iksvm': 0.765, 'pwl_c': 0.765, 'pwl_ls': 0.767, 'pwl_hh': 0.765}
  7 {'linear': 0.762, 'rbf': 0.783, 'lssvm': 0.789, 'knn': 0.671, 'iksvm': 0.762, 'pwl_c': 0.765, 'pwl_ls': 0.783, 'pwl_hh': 0.765}
  8 {'linear': 0.767, 'rbf': 0.783, 'lssvm': 0.791, 'knn': 0.711, 'iksvm': 0.773, 'pwl_c': 0.765, 'pwl_ls': 0.77, 'pwl_hh': 0.754}
  9 {'linear': 0.754, 'rbf': 0.759, 'lssvm': 0.757, 'knn': 0.671, 'iksvm': 0.762, 'pwl_c': 0.754, 'pwl_ls': 0.757, 'pwl_hh': 0.741}
Ionosphere (351, 33)
  0 {'linear': 0.864, 'rbf': 0.926, 'lssvm': 0.943, 'knn': 0.892, 'iksvm': 0.915, 'pwl_c': 0.92, 'pwl_ls': 0.926, 'pwl_hh': 0.875}
  1 {'linear': 0.875, 'rbf': 0.915, 'lssvm': 0.92, 'knn': 0.835, 'iksvm': 0.909, 'pwl_c': 0.892, 'pwl_ls': 0.892, 'pwl_hh': 0.886}
  2 {'linear': 0.841, 'rbf': 0.938, 'lssvm': 0.926, 'knn': 0.835, 'iksvm': 0.898, 'pwl_c': 0.864, 'pwl_ls': 0.83, 'pwl_hh': 0.841}
  3 {'linear': 0.852, 'rbf': 0.955, 'lssvm': 0.949, 'knn': 0.852, 'iksvm': 0.915, 'pwl_c': 0.886, 'pwl_ls': 0.864, 'pwl_hh': 0.835}
  4 {'linear': 0.875, 'rbf': 0.909, 'lssvm': 0.92, 'knn': 0.824, 'iksvm': 0.903, 'pwl_c': 0.875, 'pwl_ls': 0.892, 'pwl_hh': 0.847}
  5 {'linear': 0.869, 'rbf': 0.92, 'lssvm': 0.92, 'knn': 0.852, 'iksvm': 0.903, 'pwl_c': 0.903, 'pwl_ls': 0.903, 'pwl_hh': 0.841}
  6 {'linear': 0.858, 'rbf': 0.938, 'lssvm': 0.92, 'knn': 0.835, 'iksvm': 0.886, 'pwl_c': 0.892, 'pwl_ls': 0.892, 'pwl_hh': 0.881}
  7 {'linear': 0.903, 'rbf': 0.938, 'lssvm': 0.955, 'knn': 0.909, 'iksvm': 0.932, 'pwl_c': 0.898, 'pwl_ls': 0.807, 'pwl_hh': 0.847}
  8 {'linear': 0.869, 'rbf': 0.955, 'lssvm': 0.96, 'knn': 0.898, 'iksvm': 0.903, 'pwl_c': 0.92, 'pwl_ls': 0.864, 'pwl_hh': 0.898}
  9 {'linear': 0.875, 'rbf': 0.943, 'lssvm': 0.96, 'knn': 0.903, 'iksvm': 0.949, 'pwl_c': 0.92, 'pwl_ls': 0.903, 'pwl_hh': 0.943}
Parkinsons (195, 22)
  0 {'linear': 0.847, 'rbf': 0.898, 'lssvm': 0.918, 'knn': 0.939, 'iksvm': 0.898, 'pwl_c': 0.908, 'pwl_ls': 0.898, 'pwl_hh': 0.837}
  1 {'linear': 0.827, 'rbf': 0.857, 'lssvm': 0.949, 'knn': 0.939, 'iksvm': 0.867, 'pwl_c': 0.878, 'pwl_ls': 0.878, 'pwl_hh': 0.827}
  2 {'linear': 0.878, 'rbf': 0.878, 'lssvm': 0.888, 'knn': 0.969, 'iksvm': 0.939, 'pwl_c': 0.888, 'pwl_ls': 0.878, 'pwl_hh': 0.816}
  3 {'linear': 0.847, 'rbf': 0.918, 'lssvm': 0.949, 'knn': 0.939, 'iksvm': 0.908, 'pwl_c': 0.878, 'pwl_ls': 0.939, 'pwl_hh': 0.857}
  4 {'linear': 0.857, 'rbf': 0.878, 'lssvm': 0.867, 'knn': 0.888, 'iksvm': 0.827, 'pwl_c': 0.878, 'pwl_ls': 0.827, 'pwl_hh': 0.837}
  5 {'linear': 0.847, 'rbf': 0.847, 'lssvm': 0.847, 'knn': 0.949, 'iksvm': 0.888, 'pwl_c': 0.847, 'pwl_ls': 0.898, 'pwl_hh': 0.857}
  6 {'linear': 0.857, 'rbf': 0.908, 'lssvm': 0.908, 'knn': 0.949, 'iksvm': 0.908, 'pwl_c': 0.867, 'pwl_ls': 0.918, 'pwl_hh': 0.837}
  7 {'linear': 0.837, 'rbf': 0.929, 'lssvm': 0.908, 'knn': 0.949, 'iksvm': 0.908, 'pwl_c': 0.837, 'pwl_ls': 0.898, 'pwl_hh': 0.806}
  8 {'linear': 0.847, 'rbf': 0.959, 'lssvm': 0.949, 'knn': 0.908, 'iksvm': 0.918, 'pwl_c': 0.837, 'pwl_ls': 0.908, 'pwl_hh': 0.878}
  9 {'linear': 0.847, 'rbf': 0.918, 'lssvm': 0.959, 'knn': 0.939, 'iksvm': 0.878, 'pwl_c': 0.857, 'pwl_ls': 0.888, 'pwl_hh': 0.888}
Pima         linear=76.3±2.1 rbf=76.1±2.3 lssvm=76.6±2.0 knn=70.8±2.1 iksvm=76.0±1.7 pwl_c=76.1±1.8 pwl_ls=76.5±1.5 pwl_hh=76.4±1.3
Breast       linear=96.4±0.9 rbf=96.5±0.9 lssvm=96.4±0.9 knn=95.3±1.0 iksvm=96.4±0.7 pwl_c=96.3±0.8 pwl_ls=96.0±0.7 pwl_hh=95.7±1.3
Haberman     linear=72.8±0.7 rbf=73.3±1.9 lssvm=73.4±1.8 knn=65.7±1.5 iksvm=72.0±1.4 pwl_c=72.4±2.1 pwl_ls=72.6±2.1 pwl_hh=73.1±2.3
Transfusion  linear=76.1±0.4 rbf=77.6±1.4 lssvm=77.7±1.5 knn=68.4±2.0 iksvm=76.7±0.9 pwl_c=76.2±0.6 pwl_ls=77.4±0.8 pwl_hh=76.7±1.5
Ionosphere   linear=86.8±1.7 rbf=93.4±1.6 lssvm=93.8±1.8 knn=86.4±3.3 iksvm=91.1±1.8 pwl_c=89.7±2.0 pwl_ls=87.7±3.7 pwl_hh=86.9±3.4
Parkinsons   linear=84.9±1.3 rbf=89.9±3.5 lssvm=91.4±3.8 knn=93.7±2.3 iksvm=89.4±3.1 pwl_c=86.7±2.3 pwl_ls=89.3±3.0 pwl_hh=84.4±2.6
