\BOOKMARK [0][-]{chapter*.1}{\376\377\000L\036\335\000i\000\040\000c\000a\000m\000\040\001\021\000o\000a\000n}{}% 1
\BOOKMARK [0][-]{chapter*.2}{\376\377\000L\036\335\000i\000\040\000c\036\243\000m\000\040\001\241\000n}{}% 2
\BOOKMARK [0][-]{chapter*.4}{\376\377\000D\000a\000n\000h\000\040\000m\036\345\000c\000\040\000k\000\375\000\040\000h\000i\036\307\000u\000\040\000v\000\340\000\040\000c\000h\036\357\000\040\000v\000i\036\277\000t\000\040\000t\036\257\000t}{}% 3
\BOOKMARK [0][-]{section*.5}{\376\377\000D\000a\000n\000h\000\040\000m\036\345\000c\000\040\000c\000\341\000c\000\040\000b\036\243\000n\000g}{}% 4
\BOOKMARK [0][-]{section*.7}{\376\377\000D\000a\000n\000h\000\040\000m\036\345\000c\000\040\000c\000\341\000c\000\040\000h\000\354\000n\000h}{}% 5
\BOOKMARK [0][-]{chapter*.9}{\376\377\000M\036\336\000\040\001\020\036\246\000U}{}% 6
\BOOKMARK [1][-]{section*.10}{\376\377\0001\000.\000\040\000T\000\355\000n\000h\000\040\000c\036\245\000p\000\040\000t\000h\000i\036\277\000t\000\040\000c\036\347\000a\000\040\001\021\036\301\000\040\000t\000\340\000i}{chapter*.9}% 7
\BOOKMARK [1][-]{section*.11}{\376\377\0002\000.\000\040\000T\036\325\000n\000g\000\040\000q\000u\000a\000n\000\040\000t\000\354\000n\000h\000\040\000h\000\354\000n\000h\000\040\000n\000g\000h\000i\000\352\000n\000\040\000c\036\351\000u}{chapter*.9}% 8
\BOOKMARK [1][-]{section*.12}{\376\377\0003\000.\000\040\000M\036\345\000c\000\040\000t\000i\000\352\000u\000\040\000v\000\340\000\040\000c\000\342\000u\000\040\000h\036\317\000i\000\040\000n\000g\000h\000i\000\352\000n\000\040\000c\036\351\000u}{chapter*.9}% 9
\BOOKMARK [1][-]{section*.13}{\376\377\0004\000.\000\040\001\020\036\321\000i\000\040\000t\001\260\036\343\000n\000g\000\040\000v\000\340\000\040\000p\000h\036\241\000m\000\040\000v\000i\000\040\000n\000g\000h\000i\000\352\000n\000\040\000c\036\351\000u}{chapter*.9}% 10
\BOOKMARK [1][-]{section*.14}{\376\377\0005\000.\000\040\000P\000h\001\260\001\241\000n\000g\000\040\000p\000h\000\341\000p\000\040\000n\000g\000h\000i\000\352\000n\000\040\000c\036\351\000u}{chapter*.9}% 11
\BOOKMARK [1][-]{section*.15}{\376\377\0006\000.\000\040\001\020\000\363\000n\000g\000\040\000g\000\363\000p\000\040\000c\036\347\000a\000\040\001\021\036\301\000\040\000\341\000n}{chapter*.9}% 12
\BOOKMARK [1][-]{section*.16}{\376\377\0007\000.\000\040\000C\036\245\000u\000\040\000t\000r\000\372\000c\000\040\000c\036\347\000a\000\040\001\021\036\301\000\040\000\341\000n}{chapter*.9}% 13
\BOOKMARK [0][-]{chapter.1}{\376\377\000C\001\241\000\040\000s\036\337\000\040\000t\000o\000\341\000n\000\040\000h\036\315\000c}{}% 14
\BOOKMARK [1][-]{section.1.1}{\376\377\000T\036\255\000p\000\040\000a\000f\000f\000i\000n\000e\000,\000\040\000t\036\255\000p\000\040\000l\036\323\000i\000\040\000v\000\340\000\040\001\021\000a\000\040\000d\000i\036\307\000n}{chapter.1}% 15
\BOOKMARK [1][-]{section.1.2}{\376\377\000S\000i\000\352\000u\000\040\000p\000h\036\263\000n\000g\000\040\000p\000h\000\342\000n\000\040\000t\000\341\000c\000h\000\040\000v\000\340\000\040\000s\000i\000\352\000u\000\040\000p\000h\036\263\000n\000g\000\040\000t\036\361\000a}{chapter.1}% 16
\BOOKMARK [1][-]{section.1.3}{\376\377\000H\000\340\000m\000\040\000l\036\323\000i\000\040\000v\000\340\000\040\000b\000\340\000i\000\040\000t\000o\000\341\000n\000\040\000t\036\321\000i\000\040\001\260\000u\000\040\000l\036\323\000i}{chapter.1}% 17
\BOOKMARK [1][-]{section.1.4}{\376\377\001\020\036\321\000i\000\040\000n\000g\036\253\000u\000\040\000L\000a\000g\000r\000a\000n\000g\000e\000\040\000v\000\340\000\040\001\021\000i\036\301\000u\000\040\000k\000i\036\307\000n\000\040\000K\000K\000T}{chapter.1}% 18
\BOOKMARK [1][-]{section.1.5}{\376\377\000H\000\340\000m\000\040\000t\000u\000y\036\277\000n\000\040\000t\000\355\000n\000h\000\040\000t\036\353\000n\000g\000\040\000p\000h\036\247\000n\000\040\000l\000i\000\352\000n\000\040\000t\036\345\000c}{chapter.1}% 19
\BOOKMARK [2][-]{subsection.1.5.1}{\376\377\001\020\036\313\000n\000h\000\040\000n\000g\000h\001\051\000a\000\040\000v\000\340\000\040\000v\000\355\000\040\000d\036\345}{section.1.5}% 20
\BOOKMARK [2][-]{subsection.1.5.2}{\376\377\000C\000\341\000c\000\040\000p\000h\000\351\000p\000\040\000t\000o\000\341\000n\000\040\000b\036\243\000o\000\040\000t\000o\000\340\000n\000\040\000t\000\355\000n\000h\000\040\000t\000u\000y\036\277\000n\000\040\000t\000\355\000n\000h\000\040\000t\036\353\000n\000g\000\040\000p\000h\036\247\000n}{section.1.5}% 21
\BOOKMARK [2][-]{subsection.1.5.3}{\376\377\000H\000\340\000m\000\040\000t\000u\000y\036\277\000n\000\040\000t\000\355\000n\000h\000\040\000t\036\353\000n\000g\000\040\000p\000h\036\247\000n\000\040\000m\036\331\000t\000\040\000b\000i\036\277\000n}{section.1.5}% 22
\BOOKMARK [2][-]{subsection.1.5.4}{\376\377\000B\000i\036\303\000u\000\040\000d\000i\036\305\000n\000\040\000h\000\340\000m\000\040\000t\000u\000y\036\277\000n\000\040\000t\000\355\000n\000h\000\040\000t\036\353\000n\000g\000\040\000p\000h\036\247\000n\000\040\000n\000h\000i\036\301\000u\000\040\000b\000i\036\277\000n}{section.1.5}% 23
\BOOKMARK [1][-]{section*.23}{\376\377\000T\000i\036\303\000u\000\040\000k\036\277\000t\000\040\000C\000h\001\260\001\241\000n\000g\000\040\0001}{chapter.1}% 24
\BOOKMARK [0][-]{chapter.2}{\376\377\000S\000V\000M\000\040\000v\000\340\000\040\000S\000V\000M\000\040\000v\036\333\000i\000\040\000\341\000n\000h\000\040\000x\036\241\000\040\001\021\036\267\000c\000\040\000t\000r\001\260\000n\000g\000\040\000t\000u\000y\036\277\000n\000\040\000t\000\355\000n\000h\000\040\000t\036\353\000n\000g\000\040\000p\000h\036\247\000n}{}% 25
\BOOKMARK [1][-]{section.2.1}{\376\377\000B\000\340\000i\000\040\000t\000o\000\341\000n\000\040\000p\000h\000\342\000n\000\040\000l\000o\036\241\000i\000\040\000n\000h\036\313\000\040\000p\000h\000\342\000n\000\040\000v\000\340\000\040\000S\000V\000M\000\040\000l\036\301\000\040\000c\036\351\000n\000g}{chapter.2}% 26
\BOOKMARK [1][-]{section.2.2}{\376\377\000S\000V\000M\000\040\000l\036\301\000\040\000m\036\301\000m\000\040\000v\000\340\000\040\000h\000\340\000m\000\040\000m\036\245\000t\000\040\000m\000\341\000t\000\040\000b\036\243\000n\000\040\000l\036\301}{chapter.2}% 27
\BOOKMARK [1][-]{section.2.3}{\376\377\000\301\000n\000h\000\040\000x\036\241\000\040\001\021\036\267\000c\000\040\000t\000r\001\260\000n\000g\000,\000\040\000h\036\241\000t\000\040\000n\000h\000\342\000n\000\040\000v\000\340\000\040\000L\000S\000-\000S\000V\000M}{chapter.2}% 28
\BOOKMARK [2][-]{subsection.2.3.1}{\376\377\000\301\000n\000h\000\040\000x\036\241\000\040\001\021\036\267\000c\000\040\000t\000r\001\260\000n\000g\000\040\000v\000\340\000\040\000t\000h\036\347\000\040\000t\000h\000u\036\255\000t\000\040\000h\036\241\000t\000\040\000n\000h\000\342\000n}{section.2.3}% 29
\BOOKMARK [2][-]{subsection.2.3.2}{\376\377\000S\000V\000M\000\040\000b\000\354\000n\000h\000\040\000p\000h\001\260\001\241\000n\000g\000\040\000t\036\321\000i\000\040\000t\000h\000i\036\303\000u}{section.2.3}% 30
\BOOKMARK [1][-]{section.2.4}{\376\377\000T\036\255\000p\000\040\000t\000u\000y\036\277\000n\000\040\000t\000\355\000n\000h\000\040\000t\036\353\000n\000g\000\040\000p\000h\036\247\000n\000\040\000v\000\340\000\040\000p\000h\001\260\001\241\000n\000g\000\040\000t\000r\000\354\000n\000h\000\040\000t\000u\000y\036\277\000n\000\040\000t\000\355\000n\000h\000\040\000t\036\353\000n\000g\000\040\000p\000h\036\247\000n}{chapter.2}% 31
\BOOKMARK [1][-]{section.2.5}{\376\377\000\301\000n\000h\000\040\000x\036\241\000\040\001\021\036\267\000c\000\040\000t\000r\001\260\000n\000g\000\040\000t\000u\000y\036\277\000n\000\040\000t\000\355\000n\000h\000\040\000t\036\353\000n\000g\000\040\000p\000h\036\247\000n\000\040\000v\000\340\000\040\000P\000W\000L\000-\000S\000V\000M}{chapter.2}% 32
\BOOKMARK [2][-]{subsection.2.5.1}{\376\377\000T\036\353\000\040\001\021\036\313\000n\000h\000\040\000l\000\375\000\040\000b\000i\036\303\000u\000\040\000d\000i\036\305\000n\000\040\001\021\036\277\000n\000\040\000\341\000n\000h\000\040\000x\036\241\000\040\001\021\036\267\000c\000\040\000t\000r\001\260\000n\000g}{section.2.5}% 33
\BOOKMARK [2][-]{subsection.2.5.2}{\376\377\000P\000W\000L\000-\000C\000-\000S\000V\000M}{section.2.5}% 34
\BOOKMARK [2][-]{subsection.2.5.3}{\376\377\000P\000W\000L\000-\000L\000S\000-\000S\000V\000M}{section.2.5}% 35
\BOOKMARK [2][-]{subsection.2.5.4}{\376\377\000M\036\331\000t\000\040\000c\000\341\000c\000h\000\040\000n\000h\000\354\000n\000\040\000k\000h\000\341\000c\000:\000\040\000P\000W\000L\000-\000S\000V\000M\000\040\000n\000h\001\260\000\040\000m\036\331\000t\000\040\000m\036\241\000n\000g\000\040\000n\001\241\000-\000r\000o\000n\000\040\000h\000a\000i\000\040\000l\036\333\000p}{section.2.5}% 36
\BOOKMARK [1][-]{section.2.6}{\376\377\000C\000\341\000c\000\040\000d\036\241\000n\000g\000\040\000\341\000n\000h\000\040\000x\036\241\000\040\001\021\036\267\000c\000\040\000t\000r\001\260\000n\000g\000\040\000v\000\340\000\040\000c\000\341\000c\000h\000\040\000c\000h\036\315\000n\000\040\000t\000h\000a\000m\000\040\000s\036\321}{chapter.2}% 37
\BOOKMARK [2][-]{subsection.2.6.1}{\376\377\000B\000a\000\040\000d\036\241\000n\000g\000\040\000\341\000n\000h\000\040\000x\036\241}{section.2.6}% 38
\BOOKMARK [2][-]{subsection.2.6.2}{\376\377\000C\000h\036\315\000n\000\040\000t\000h\000a\000m\000\040\000s\036\321}{section.2.6}% 39
\BOOKMARK [2][-]{subsection.2.6.3}{\376\377\000H\000a\000i\000\040\000v\000\355\000\040\000d\036\345}{section.2.6}% 40
\BOOKMARK [1][-]{section.2.7}{\376\377\000Q\000u\000a\000n\000\040\000h\036\307\000\040\000v\036\333\000i\000\040\000c\000\341\000c\000\040\000b\036\331\000\040\000p\000h\000\342\000n\000\040\000l\000o\036\241\000i\000\040\000t\000u\000y\036\277\000n\000\040\000t\000\355\000n\000h\000\040\000t\036\353\000n\000g\000\040\000p\000h\036\247\000n\000\040\000k\000h\000\341\000c}{chapter.2}% 41
\BOOKMARK [2][-]{subsection.2.7.1}{\376\377\000S\000V\000M\000\040\000h\036\241\000t\000\040\000n\000h\000\342\000n\000\040\000g\000i\000a\000o}{section.2.7}% 42
\BOOKMARK [2][-]{subsection.2.7.2}{\376\377\000A\000d\000a\000B\000o\000o\000s\000t\000\040\000v\036\333\000i\000\040\000b\036\331\000\040\000p\000h\000\342\000n\000\040\000l\000o\036\241\000i\000\040\000y\036\277\000u\000\040\000t\000u\000y\036\277\000n\000\040\000t\000\355\000n\000h}{section.2.7}% 43
\BOOKMARK [2][-]{subsection.2.7.3}{\376\377\000P\000h\001\260\001\241\000n\000g\000\040\000p\000h\000\341\000p\000\040\000l\000\341\000n\000g\000\040\000g\000i\036\301\000n\000g\000\040\000g\036\247\000n\000\040\000n\000h\036\245\000t}{section.2.7}% 44
\BOOKMARK [2][-]{subsection.2.7.4}{\376\377\000\335\000\040\000n\000g\000h\001\051\000a\000\040\000v\000\340\000\040\000g\000i\036\333\000i\000\040\000h\036\241\000n}{section.2.7}% 45
\BOOKMARK [1][-]{section*.43}{\376\377\000T\000i\036\303\000u\000\040\000k\036\277\000t\000\040\000C\000h\001\260\001\241\000n\000g\000\040\0002}{chapter.2}% 46
\BOOKMARK [0][-]{chapter.3}{\376\377\000C\000\340\000i\000\040\001\021\036\267\000t\000,\000\040\000t\000h\036\361\000c\000\040\000n\000g\000h\000i\036\307\000m\000\040\000v\000\340\000\040\036\351\000n\000g\000\040\000d\036\345\000n\000g}{}% 47
\BOOKMARK [1][-]{section.3.1}{\376\377\000C\000\340\000i\000\040\001\021\036\267\000t}{chapter.3}% 48
\BOOKMARK [1][-]{section.3.2}{\376\377\000T\000h\036\361\000c\000\040\000n\000g\000h\000i\036\307\000m\000\040\000m\000i\000n\000h\000\040\000h\036\315\000a\000\040\000t\000r\000\352\000n\000\040\000d\036\357\000\040\000l\000i\036\307\000u\000\040\000h\000a\000i\000\040\000c\000h\000i\036\301\000u}{chapter.3}% 49
\BOOKMARK [1][-]{section.3.3}{\376\377\000T\000h\036\361\000c\000\040\000n\000g\000h\000i\036\307\000m\000\040\000t\000r\000\352\000n\000\040\000d\036\357\000\040\000l\000i\036\307\000u\000\040\000c\000h\000u\036\251\000n}{chapter.3}% 50
\BOOKMARK [2][-]{subsection.3.3.1}{\376\377\000T\000\341\000i\000\040\000h\000i\036\307\000n\000\040\000t\000h\000\355\000\040\000n\000g\000h\000i\036\307\000m\000\040\000t\000r\000\352\000n\000\040\000d\036\357\000\040\000l\000i\036\307\000u\000\040\000C\000o\000s\000e\000x\000p}{section.3.3}% 51
\BOOKMARK [2][-]{subsection.3.3.2}{\376\377\000M\001\260\036\335\000i\000\040\000b\036\331\000\040\000d\036\357\000\040\000l\000i\036\307\000u\000\040\000c\000h\000u\036\251\000n}{section.3.3}% 52
\BOOKMARK [2][-]{subsection.3.3.3}{\376\377\036\242\000n\000h\000\040\000h\001\260\036\337\000n\000g\000\040\000c\036\347\000a\000\040\000s\036\321\000\040\001\021\036\267\000c\000\040\000t\000r\001\260\000n\000g\000\040\000v\000\340\000\040\000c\036\347\000a\000\040\000q\000u\000y\000\040\000t\036\257\000c\000\040\000c\000h\036\315\000n\000\040\000t\000h\000a\000m\000\040\000s\036\321}{section.3.3}% 53
\BOOKMARK [1][-]{section.3.4}{\376\377\000C\000h\000i\000\040\000p\000h\000\355\000\040\000t\000\355\000n\000h\000\040\000t\000o\000\341\000n\000\040\000v\000\340\000\040\000b\036\331\000\040\000n\000h\036\333}{chapter.3}% 54
\BOOKMARK [1][-]{section.3.5}{\376\377\036\350\000n\000g\000\040\000d\036\345\000n\000g\000:\000\040\000d\036\361\000\040\000b\000\341\000o\000\040\000v\036\341\000\040\000n\036\343\000\040\000t\000h\036\273\000\040\000t\000\355\000n\000\040\000d\036\345\000n\000g}{chapter.3}% 55
\BOOKMARK [2][-]{subsection.3.5.1}{\376\377\000B\000\340\000i\000\040\000t\000o\000\341\000n\000\040\000v\000\340\000\040\000d\036\357\000\040\000l\000i\036\307\000u}{section.3.5}% 56
\BOOKMARK [2][-]{subsection.3.5.2}{\376\377\000T\000h\000i\036\277\000t\000\040\000k\036\277\000\040\000t\000h\036\361\000c\000\040\000n\000g\000h\000i\036\307\000m}{section.3.5}% 57
\BOOKMARK [2][-]{subsection.3.5.3}{\376\377\000K\036\277\000t\000\040\000q\000u\036\243}{section.3.5}% 58
\BOOKMARK [2][-]{subsection.3.5.4}{\376\377\000D\000i\036\305\000n\000\040\000g\000i\036\243\000i\000\040\000m\000\364\000\040\000h\000\354\000n\000h}{section.3.5}% 59
\BOOKMARK [2][-]{subsection.3.5.5}{\376\377\000R\000\340\000n\000g\000\040\000b\000u\036\331\000c\000\040\001\021\001\241\000n\000\040\001\021\000i\036\307\000u}{section.3.5}% 60
\BOOKMARK [2][-]{subsection.3.5.6}{\376\377\000K\000h\036\243\000\040\000n\001\003\000n\000g\000\040\000t\000r\000i\036\303\000n\000\040\000k\000h\000a\000i}{section.3.5}% 61
\BOOKMARK [1][-]{section.3.6}{\376\377\000T\000h\036\243\000o\000\040\000l\000u\036\255\000n}{chapter.3}% 62
\BOOKMARK [1][-]{section*.72}{\376\377\000T\000i\036\303\000u\000\040\000k\036\277\000t\000\040\000C\000h\001\260\001\241\000n\000g\000\040\0003}{chapter.3}% 63
\BOOKMARK [0][-]{chapter*.73}{\376\377\000K\036\276\000T\000\040\000L\000U\036\254\000N\000\040\000V\000\300\000\040\000H\001\257\036\332\000N\000G\000\040\000P\000H\000\301\000T\000\040\000T\000R\000I\036\302\000N}{}% 64
\BOOKMARK [0][-]{chapter*.74}{\376\377\000T\000\340\000i\000\040\000l\000i\036\307\000u\000\040\000t\000h\000a\000m\000\040\000k\000h\036\243\000o}{}% 65
\BOOKMARK [0][-]{chapter*.75}{\376\377\000P\000H\036\344\000\040\000L\036\344\000C}{}% 66
\BOOKMARK [1][-]{section*.76}{\376\377\000A\000.\000\040\000M\000\343\000\040\000n\000g\000u\036\323\000n\000\040\000c\000h\000\355\000n\000h}{chapter*.75}% 67
\BOOKMARK [1][-]{section*.77}{\376\377\000B\000.\000\040\000K\036\277\000t\000\040\000q\000u\036\243\000\040\001\021\036\247\000y\000\040\001\021\036\347\000\040\000t\000r\000\352\000n\000\040\000m\001\260\036\335\000i\000\040\000b\036\331\000\040\000d\036\357\000\040\000l\000i\036\307\000u\000\040\000c\000h\000u\036\251\000n}{chapter*.75}% 68
\BOOKMARK [1][-]{section*.79}{\376\377\000C\000.\000\040\000N\000g\000u\036\323\000n\000\040\000d\036\357\000\040\000l\000i\036\307\000u}{chapter*.75}% 69
